<html>
<body>
<pre>
<h1>礦ision Build Log</h1>
<h2>Tool Versions:</h2>
IDE-Version: μVision V5.27.0.0
Copyright (C) 2018 ARM Ltd and ARM Germany GmbH. All rights reserved.
License Information: z Administrator, z, LIC=----
 
Tool Versions:
Toolchain:       MDK-Lite  Version: 5.27.0.0
Toolchain Path:  D:\zenghongyu\mdk5\ARM\ARMCC\Bin
C Compiler:      Armcc.exe V5.06 update 6 (build 750)
Assembler:       Armasm.exe V5.06 update 6 (build 750)
Linker/Locator:  ArmLink.exe V5.06 update 6 (build 750)
Library Manager: ArmAr.exe V5.06 update 6 (build 750)
Hex Converter:   FromElf.exe V5.06 update 6 (build 750)
CPU DLL:         SARMCM3.DLL V5.27.0.0
Dialog DLL:      DCM.DLL V1.17.2.0
Target DLL:      STLink\ST-LINKIII-KEIL_SWO.dll V3.0.5.0
Dialog DLL:      TCM.DLL V1.36.1.0
 
<h2>Project:</h2>
D:\zenghongyu\aiotcode-master\射频识别(RFID)实验装置\3.射频基础实验\RFID_HF_RFID\HF_RFID\USER\RFID.uvprojx
Project File Date:  09/16/2020

<h2>Output:</h2>
*** Using Compiler 'V5.06 update 6 (build 750)', folder: 'D:\zenghongyu\mdk5\ARM\ARMCC\Bin'
Rebuild target 'RFID'
assembling startup_stm32f103xe.s...
compiling stm32f1xx_it.c...
compiling stm32f1xx_hal_msp.c...
compiling system_stm32f1xx.c...
compiling stm32f1xx_hal_cortex.c...
compiling stm32f1xx_hal_gpio_ex.c...
compiling stm32f1xx_hal.c...
compiling stm32f1xx_hal_pwr.c...
compiling stm32f1xx_hal_rcc_ex.c...
compiling stm32f1xx_hal_gpio.c...
compiling main.c...
main.c(35): warning:  #177-D: variable "index"  was declared but never referenced
      uint8_t index;  
main.c(36): warning:  #177-D: variable "i"  was declared but never referenced
      uint8_t i;
main.c: 2 warnings, 0 errors
compiling stm32f1xx_hal_rcc.c...
compiling stm32f1xx_hal_uart.c...
compiling led.c...
compiling key.c...
compiling delay.c...
compiling stm32f1xx_hal_tim_ex.c...
compiling Rs485.c...
compiling usart.c...
..\HARDWARE\Usart\usart.c(154): warning:  #550-D: variable "Res"  was set but never used
  	unsigned char Res;
..\HARDWARE\Usart\usart.c: 1 warning, 0 errors
compiling stm32f1xx_hal_usart.c...
compiling RC522.c...
..\HARDWARE\RC522\RC522.c(56): warning:  #177-D: variable "cStr"  was declared but never referenced
      char cStr [ 30 ];
..\HARDWARE\RC522\RC522.c(61): warning:  #177-D: variable "res"  was declared but never referenced
      unsigned char res[16]  ="WANGYUNJIANG";
..\HARDWARE\RC522\RC522.c: 2 warnings, 0 errors
compiling stm32f1xx_hal_dma.c...
compiling stm32f1xx_hal_tim.c...
compiling timer.c...
linking...
Program Size: Code=9160 RO-data=360 RW-data=44 ZI-data=2812  
FromELF: creating hex file...
"..\OBJ\Template.axf" - 0 Error(s), 5 Warning(s).

<h2>Software Packages used:</h2>

Package Vendor: Keil
                http://www.keil.com/pack/Keil.STM32F1xx_DFP.2.1.0.pack
                Keil.STM32F1xx_DFP.2.1.0
                STMicroelectronics STM32F1 Series Device Support, Drivers and Examples

<h2>Collection of Component include folders:</h2>
  .\RTE\_RFID
  D:\zenghongyu\mdk5\ARM\PACK\Keil\STM32F1xx_DFP\2.1.0\Device\Include

<h2>Collection of Component Files used:</h2>
Build Time Elapsed:  00:00:24
</pre>
</body>
</html>
