<html>
<body>
<pre>
<h1>礦ision Build Log</h1>
<h2>Tool Versions:</h2>
IDE-Version: μVision V5.29.0.0
Copyright (C) 2019 ARM Ltd and ARM Germany GmbH. All rights reserved.
License Information: wx Microsoft, Microsoft, LIC=KRMW3-AFTR6-PCYJ8-3M976-23WTZ-CAMWT
 
Tool Versions:
Toolchain:       MDK-ARM Plus  Version: 5.29.0.0
Toolchain Path:  C:\Keil_v5\ARM\ARMCC\Bin
C Compiler:      Armcc.exe V5.06 update 6 (build 750)
Assembler:       Armasm.exe V5.06 update 6 (build 750)
Linker/Locator:  ArmLink.exe V5.06 update 6 (build 750)
Library Manager: ArmAr.exe V5.06 update 6 (build 750)
Hex Converter:   FromElf.exe V5.06 update 6 (build 750)
CPU DLL:         SARMCM3.DLL V5.29.0.0
Dialog DLL:      DCM.DLL V1.17.3.0
Target DLL:      STLink\ST-LINKIII-KEIL_SWO.dll V3.0.7.0
Dialog DLL:      TCM.DLL V1.36.5.0
 
<h2>Project:</h2>
C:\Users\Administrator\Desktop\eps\基于STM32的模块实验\11.NB-IOT模块\NB-IoT模块程序\USER\NB-IoT.uvprojx
Project File Date:  12/15/2020

<h2>Output:</h2>
*** Using Compiler 'V5.06 update 6 (build 750)', folder: 'C:\Keil_v5\ARM\ARMCC\Bin'
Rebuild target 'NB-IoT'
compiling stm32f1xx_it.c...
compiling main.c...
compiling system_stm32f1xx.c...
assembling startup_stm32f103xe.s...
compiling stm32f1xx_hal_msp.c...
compiling stm32f1xx_hal_cortex.c...
compiling stm32f1xx_hal.c...
compiling stm32f1xx_hal_gpio.c...
compiling stm32f1xx_hal_pwr.c...
compiling stm32f1xx_hal_gpio_ex.c...
compiling stm32f1xx_hal_rcc_ex.c...
compiling stm32f1xx_hal_uart.c...
compiling stm32f1xx_hal_rcc.c...
compiling stm32f1xx_hal_usart.c...
compiling stm32f1xx_hal_dma.c...
compiling stm32f1xx_hal_tim.c...
compiling stm32f1xx_hal_tim_ex.c...
compiling delay.c...
compiling Usart.c...
compiling Rs485.c...
compiling timer.c...
compiling M5310.c...
..\HARDWARE\M5310\M5310.c(19): warning:  #186-D: pointless comparison of unsigned integer with zero
        if((src[i]<=9)&&(src[i]>=0))
..\HARDWARE\M5310\M5310.c(173): warning:  #550-D: variable "mipl_num"  was set but never used
  	int mipl_num = 0;
..\HARDWARE\M5310\M5310.c: 2 warnings, 0 errors
compiling nbiot.c...
..\HARDWARE\M5310\nbiot.c(118): warning:  #177-D: function "handle_read"  was declared but never referenced
  static void handle_read( nbiot_device_t *dev,nbiot_uri_t *uri,uint8_t *buffer,size_t buffer_len,uint16_t ackid)
..\HARDWARE\M5310\nbiot.c: 1 warning, 0 errors
compiling utils.c...
compiling MsgHandler.c...
..\HARDWARE\MsgHandler\MsgHandler.c(122): warning:  #1-D: last line of file ends without a newline
   
..\HARDWARE\MsgHandler\MsgHandler.c: 1 warning, 0 errors
linking...
Program Size: Code=15334 RO-data=586 RW-data=288 ZI-data=4864  
FromELF: creating hex file...
"..\OBJ\Template.axf" - 0 Error(s), 4 Warning(s).

<h2>Software Packages used:</h2>

Package Vendor: Keil
                http://www.keil.com/pack/Keil.STM32F1xx_DFP.2.1.0.pack
                Keil.STM32F1xx_DFP.2.1.0
                STMicroelectronics STM32F1 Series Device Support, Drivers and Examples

<h2>Collection of Component include folders:</h2>
  .\RTE\_NB-IoT
  C:\Keil_v5\ARM\PACK\Keil\STM32F1xx_DFP\2.1.0\Device\Include

<h2>Collection of Component Files used:</h2>
Build Time Elapsed:  00:00:41
</pre>
</body>
</html>
