<html>
<body>
<pre>
<h1>礦ision Build Log</h1>
<h2>Tool Versions:</h2>
IDE-Version: μVision V5.31.0.0
Copyright (C) 2020 ARM Ltd and ARM Germany GmbH. All rights reserved.
License Information: z Administrator, z, LIC=----
 
Tool Versions:
Toolchain:       MDK-Lite  Version: 5.31.0.0
Toolchain Path:  C:\ZHY\ARM\ARMCC\Bin
C Compiler:      Armcc.exe V5.06 update 6 (build 750)
Assembler:       Armasm.exe V5.06 update 6 (build 750)
Linker/Locator:  ArmLink.exe V5.06 update 6 (build 750)
Library Manager: ArmAr.exe V5.06 update 6 (build 750)
Hex Converter:   FromElf.exe V5.06 update 6 (build 750)
CPU DLL:         SARMCM3.DLL V5.31.0.0
Dialog DLL:      DCM.DLL V1.17.3.0
Target DLL:      STLink\ST-LINKIII-KEIL_SWO.dll V3.0.7.0
Dialog DLL:      TCM.DLL V1.46.0.0
 
<h2>Project:</h2>
C:\ZHY\代码\aiotcode-master\NB-IoT综合实验装置\4.LPWAN通讯实验\1.NB-IoT AT指令接入实验\USER\NB-IoT.uvprojx
Project File Date:  09/25/2020

<h2>Output:</h2>
*** Using Compiler 'V5.06 update 6 (build 750)', folder: 'C:\ZHY\ARM\ARMCC\Bin'
Rebuild target 'NB-IoT'
assembling startup_stm32f103xe.s...
compiling stm32f1xx_hal_gpio.c...
compiling stm32f1xx_hal_cortex.c...
compiling stm32f1xx_hal_msp.c...
compiling system_stm32f1xx.c...
compiling stm32f1xx_it.c...
compiling stm32f1xx_hal.c...
compiling main.c...
compiling stm32f1xx_hal_usart.c...
compiling stm32f1xx_hal_uart.c...
compiling stm32f1xx_hal_gpio_ex.c...
compiling stm32f1xx_hal_pwr.c...
compiling stm32f1xx_hal_rcc_ex.c...
compiling stm32f1xx_hal_rcc.c...
compiling stm32f1xx_hal_dma.c...
compiling M5310.c...
..\HARDWARE\M5310\M5310.c(19): warning:  #186-D: pointless comparison of unsigned integer with zero
        if((src[i]<=9)&&(src[i]>=0))
..\HARDWARE\M5310\M5310.c(168): warning:  #550-D: variable "mipl_num"  was set but never used
  	int mipl_num = 0;
..\HARDWARE\M5310\M5310.c: 2 warnings, 0 errors
compiling delay.c...
compiling Rs485.c...
compiling Usart.c...
compiling nbiot.c...
..\HARDWARE\M5310\nbiot.c(241): warning:  #513-D: a value of type "char *" cannot be assigned to an entity of type "uint8_t *"
  	pp=strstr((void*)USART2_RecvBuffer,":0,") + 3;
..\HARDWARE\M5310\nbiot.c(119): warning:  #177-D: function "handle_read"  was declared but never referenced
  static void handle_read( nbiot_device_t *dev,nbiot_uri_t *uri,uint8_t *buffer,size_t buffer_len,uint16_t ackid)
..\HARDWARE\M5310\nbiot.c: 2 warnings, 0 errors
compiling stm32f1xx_hal_tim_ex.c...
compiling stm32f1xx_hal_tim.c...
compiling MsgHandler.c...
..\HARDWARE\MsgHandler\MsgHandler.c(122): warning:  #1-D: last line of file ends without a newline
   
..\HARDWARE\MsgHandler\MsgHandler.c: 1 warning, 0 errors
compiling utils.c...
linking...
Program Size: Code=5948 RO-data=360 RW-data=36 ZI-data=2700  
FromELF: creating hex file...
"..\OBJ\Template.axf" - 0 Error(s), 5 Warning(s).

<h2>Software Packages used:</h2>

Package Vendor: Keil
                http://www.keil.com/pack/Keil.STM32F1xx_DFP.2.1.0.pack
                Keil.STM32F1xx_DFP.2.1.0
                STMicroelectronics STM32F1 Series Device Support, Drivers and Examples

<h2>Collection of Component include folders:</h2>
  C:\ZHY\Keil\STM32F1xx_DFP\2.1.0\Device\Include

<h2>Collection of Component Files used:</h2>
Build Time Elapsed:  00:00:17
</pre>
</body>
</html>
