<html>
<body>
<pre>
<h1>礦ision Build Log</h1>
<h2>Tool Versions:</h2>
IDE-Version: μVision V5.31.0.0
Copyright (C) 2020 ARM Ltd and ARM Germany GmbH. All rights reserved.
License Information: z Administrator, z, LIC=----
 
Tool Versions:
Toolchain:       MDK-Lite  Version: 5.31.0.0
Toolchain Path:  C:\ZHY\ARM\ARMCC\Bin
C Compiler:      Armcc.exe V5.06 update 6 (build 750)
Assembler:       Armasm.exe V5.06 update 6 (build 750)
Linker/Locator:  ArmLink.exe V5.06 update 6 (build 750)
Library Manager: ArmAr.exe V5.06 update 6 (build 750)
Hex Converter:   FromElf.exe V5.06 update 6 (build 750)
CPU DLL:         SARMCM3.DLL V5.31.0.0
Dialog DLL:      DCM.DLL V1.17.3.0
Target DLL:      STLink\ST-LINKIII-KEIL_SWO.dll V3.0.7.0
Dialog DLL:      TCM.DLL V1.46.0.0
 
<h2>Project:</h2>
C:\ZHY\代码\aiotcode-master\多网融合实验装置\4.多协议的网络通信实验\wifi_Sensor_xfer\WIFI_AP_TFT\USER\WIFI_AP.uvprojx
Project File Date:  09/21/2020

<h2>Output:</h2>
*** Using Compiler 'V5.06 update 6 (build 750)', folder: 'C:\ZHY\ARM\ARMCC\Bin'
Rebuild target 'WIFI_AP'
assembling startup_stm32f103xe.s...
compiling main.c...
main.c(31): warning:  #177-D: variable "LedState"  was declared but never referenced
  	uint8_t LedState = 1;
main.c: 1 warning, 0 errors
compiling stm32f1xx_it.c...
compiling system_stm32f1xx.c...
compiling stm32f1xx_hal_msp.c...
compiling stm32f1xx_hal_cortex.c...
compiling stm32f1xx_hal.c...
compiling stm32f1xx_hal_gpio.c...
compiling stm32f1xx_hal_pwr.c...
compiling stm32f1xx_hal_gpio_ex.c...
compiling stm32f1xx_hal_uart.c...
compiling stm32f1xx_hal_rcc_ex.c...
compiling stm32f1xx_hal_usart.c...
compiling stm32f1xx_hal_dma.c...
compiling stm32f1xx_hal_rcc.c...
compiling LORA.c...
compiling delay.c...
compiling Rs485.c...
compiling led.c...
compiling stm32f1xx_hal_tim.c...
compiling stm32f1xx_hal_tim_ex.c...
compiling stm32f1xx_hal_spi.c...
compiling WiFi.c...
..\HARDWARE\WiFi\WiFi.c(154): warning:  #177-D: variable "state"  was declared but never referenced
      static uint8_t state;
..\HARDWARE\WiFi\WiFi.c: 1 warning, 0 errors
compiling WS2812B.c...
compiling timer.c...
compiling Usart.c...
..\HARDWARE\Usart\Usart.c(124): warning:  #177-D: variable "Res"  was declared but never referenced
  	unsigned char Res;
..\HARDWARE\Usart\Usart.c: 1 warning, 0 errors
linking...
Program Size: Code=8552 RO-data=380 RW-data=52 ZI-data=2892  
FromELF: creating hex file...
"..\OBJ\Template.axf" - 0 Error(s), 3 Warning(s).

<h2>Software Packages used:</h2>

Package Vendor: Keil
                http://www.keil.com/pack/Keil.STM32F1xx_DFP.2.1.0.pack
                Keil.STM32F1xx_DFP.2.1.0
                STMicroelectronics STM32F1 Series Device Support, Drivers and Examples

<h2>Collection of Component include folders:</h2>
  C:\ZHY\Keil\STM32F1xx_DFP\2.1.0\Device\Include

<h2>Collection of Component Files used:</h2>
Build Time Elapsed:  00:00:19
</pre>
</body>
</html>
