###############################################################################
#                                                                             #
# IAR C/C++ Compiler V8.10.3.10338/W32 for 8051         17/Dec/2020  15:50:05 #
# Copyright 2004-2011 IAR Systems AB.                                         #
#                                                                             #
#    Core               =  plain                                              #
#    Code model         =  banked                                             #
#    Data model         =  large                                              #
#    Calling convention =  xdata reentrant                                    #
#    Constant location  =  data_rom                                           #
#    Dptr setup         =  1,16                                               #
#    Source file        =  E:\ณฃำรฤฃฟ้สตั้\ZigBeeอจะลสตั้\5.ZigBeeอ๘ย็ดซสไศหฬ #
#                          ๅบ์อโสตั้\Components\HARDWARE\PIR.c                #
#    Command line       =  -f E:\ณฃำรฤฃฟ้สตั้\ZigBeeอจะลสตั้\5.ZigBeeอ๘ย็ดซสไ #
#                          ศหฬๅบ์อโสตั้\Projects\zstack\Samples\SampleApp\CC2 #
#                          530DB\..\..\..\Tools\CC2530DB\f8wEndev.cfg         #
#                          (-DCPU32MHZ -DROOT=__near_func -DBLINK_LEDS) -f    #
#                          E:\ณฃำรฤฃฟ้สตั้\ZigBeeอจะลสตั้\5.ZigBeeอ๘ย็ดซสไศหฬ #
#                          ๅบ์อโสตั้\Projects\zstack\Samples\SampleApp\CC2530 #
#                          DB\..\..\..\Tools\CC2530DB\f8wConfig.cfg           #
#                          (-DSECURE=0 -DZG_SECURE_DYNAMIC=0 -DREFLECTOR      #
#                          -DDEFAULT_CHANLIST=0x00000800                      #
#                          -DZDAPP_CONFIG_PAN_ID=0xFF11                       #
#                          -DNWK_START_DELAY=100 -DEXTENDED_JOINING_RANDOM_MA #
#                          SK=0x007F -DBEACON_REQUEST_DELAY=100               #
#                          -DBEACON_REQ_DELAY_MASK=0x00FF                     #
#                          -DROUTE_EXPIRY_TIME=30 -DAPSC_ACK_WAIT_DURATION_PO #
#                          LLED=3000 -DNWK_INDIRECT_MSG_TIMEOUT=7             #
#                          -DMAX_RREQ_ENTRIES=8 -DAPSC_MAX_FRAME_RETRIES=3    #
#                          -DNWK_MAX_DATA_RETRIES=2                           #
#                          -DMAX_POLL_FAILURE_RETRIES=2 -DMAX_BCAST=9         #
#                          -DAPS_MAX_GROUPS=16 -DMAX_RTG_ENTRIES=40           #
#                          -DNWK_MAX_BINDING_ENTRIES=4                        #
#                          -DMAX_BINDING_CLUSTER_IDS=4 "-DDEFAULT_KEY={0x01,  #
#                          0x03, 0x05, 0x07, 0x09, 0x0B, 0x0D, 0x0F, 0x00,    #
#                          0x02, 0x04, 0x06, 0x08, 0x0A, 0x0C, 0x0D}"         #
#                          -DMAC_MAX_FRAME_SIZE=116 "-DCONST=const __code"    #
#                          -DGENERIC=__generic -DRFD_RCVC_ALWAYS_ON=FALSE     #
#                          -DPOLL_RATE=1000 -DQUEUED_POLL_RATE=100            #
#                          -DRESPONSE_POLL_RATE=100) -DREJOIN_POLL_RATE=440   #
#                          E:\ณฃำรฤฃฟ้สตั้\ZigBeeอจะลสตั้\5.ZigBeeอ๘ย็ดซสไศหฬ #
#                          ๅบ์อโสตั้\Components\HARDWARE\PIR.c -D             #
#                          NWK_AUTO_POLL -D ZTOOL_P1 -D MT_SYS_FUNC -D        #
#                          MT_ZDO_FUNC -D LCD_SUPPORTED=DEBUG -lC             #
#                          E:\ณฃำรฤฃฟ้สตั้\ZigBeeอจะลสตั้\5.ZigBeeอ๘ย็ดซสไศหฬ #
#                          ๅบ์อโสตั้\Projects\zstack\Samples\SampleApp\CC2530 #
#                          DB\EndDeviceEB\List\ -lA                           #
#                          E:\ณฃำรฤฃฟ้สตั้\ZigBeeอจะลสตั้\5.ZigBeeอ๘ย็ดซสไศหฬ #
#                          ๅบ์อโสตั้\Projects\zstack\Samples\SampleApp\CC2530 #
#                          DB\EndDeviceEB\List\ --diag_suppress Pe001,Pa010   #
#                          -o E:\ณฃำรฤฃฟ้สตั้\ZigBeeอจะลสตั้\5.ZigBeeอ๘ย็ดซสไ #
#                          ศหฬๅบ์อโสตั้\Projects\zstack\Samples\SampleApp\CC2 #
#                          530DB\EndDeviceEB\Obj\ -e --no_unroll --no_inline  #
#                          --no_tbaa --debug --core=plain --dptr=16,1         #
#                          --data_model=large --code_model=banked             #
#                          --calling_convention=xdata_reentrant               #
#                          --place_constants=data_rom --nr_virtual_regs 16    #
#                          -I E:\ณฃำรฤฃฟ้สตั้\ZigBeeอจะลสตั้\5.ZigBeeอ๘ย็ดซสไ #
#                          ศหฬๅบ์อโสตั้\Projects\zstack\Samples\SampleApp\CC2 #
#                          530DB\ -I E:\ณฃำรฤฃฟ้สตั้\ZigBeeอจะลสตั้\5.ZigBeeอ #
#                          ๘ย็ดซสไศหฬๅบ์อโสตั้\Projects\zstack\Samples\Sample #
#                          App\CC2530DB\..\SOURCE\ -I                         #
#                          E:\ณฃำรฤฃฟ้สตั้\ZigBeeอจะลสตั้\5.ZigBeeอ๘ย็ดซสไศหฬ #
#                          ๅบ์อโสตั้\Projects\zstack\Samples\SampleApp\CC2530 #
#                          DB\..\..\..\ZMAIN\TI2530DB\ -I                     #
#                          E:\ณฃำรฤฃฟ้สตั้\ZigBeeอจะลสตั้\5.ZigBeeอ๘ย็ดซสไศหฬ #
#                          ๅบ์อโสตั้\Projects\zstack\Samples\SampleApp\CC2530 #
#                          DB\..\..\..\..\..\COMPONENTS\MT\ -I                #
#                          E:\ณฃำรฤฃฟ้สตั้\ZigBeeอจะลสตั้\5.ZigBeeอ๘ย็ดซสไศหฬ #
#                          ๅบ์อโสตั้\Projects\zstack\Samples\SampleApp\CC2530 #
#                          DB\..\..\..\..\..\COMPONENTS\HAL\INCLUDE\ -I       #
#                          E:\ณฃำรฤฃฟ้สตั้\ZigBeeอจะลสตั้\5.ZigBeeอ๘ย็ดซสไศหฬ #
#                          ๅบ์อโสตั้\Projects\zstack\Samples\SampleApp\CC2530 #
#                          DB\..\..\..\..\..\COMPONENTS\HAL\TARGET\CC2530EB\  #
#                          -I E:\ณฃำรฤฃฟ้สตั้\ZigBeeอจะลสตั้\5.ZigBeeอ๘ย็ดซสไ #
#                          ศหฬๅบ์อโสตั้\Projects\zstack\Samples\SampleApp\CC2 #
#                          530DB\..\..\..\..\..\COMPONENTS\OSAL\MCU\CCSOC\    #
#                          -I E:\ณฃำรฤฃฟ้สตั้\ZigBeeอจะลสตั้\5.ZigBeeอ๘ย็ดซสไ #
#                          ศหฬๅบ์อโสตั้\Projects\zstack\Samples\SampleApp\CC2 #
#                          530DB\..\..\..\..\..\COMPONENTS\OSAL\INCLUDE\ -I   #
#                          E:\ณฃำรฤฃฟ้สตั้\ZigBeeอจะลสตั้\5.ZigBeeอ๘ย็ดซสไศหฬ #
#                          ๅบ์อโสตั้\Projects\zstack\Samples\SampleApp\CC2530 #
#                          DB\..\..\..\..\..\COMPONENTS\STACK\AF\ -I          #
#                          E:\ณฃำรฤฃฟ้สตั้\ZigBeeอจะลสตั้\5.ZigBeeอ๘ย็ดซสไศหฬ #
#                          ๅบ์อโสตั้\Projects\zstack\Samples\SampleApp\CC2530 #
#                          DB\..\..\..\..\..\COMPONENTS\STACK\NWK\ -I         #
#                          E:\ณฃำรฤฃฟ้สตั้\ZigBeeอจะลสตั้\5.ZigBeeอ๘ย็ดซสไศหฬ #
#                          ๅบ์อโสตั้\Projects\zstack\Samples\SampleApp\CC2530 #
#                          DB\..\..\..\..\..\COMPONENTS\STACK\SEC\ -I         #
#                          E:\ณฃำรฤฃฟ้สตั้\ZigBeeอจะลสตั้\5.ZigBeeอ๘ย็ดซสไศหฬ #
#                          ๅบ์อโสตั้\Projects\zstack\Samples\SampleApp\CC2530 #
#                          DB\..\..\..\..\..\COMPONENTS\STACK\SAPI\ -I        #
#                          E:\ณฃำรฤฃฟ้สตั้\ZigBeeอจะลสตั้\5.ZigBeeอ๘ย็ดซสไศหฬ #
#                          ๅบ์อโสตั้\Projects\zstack\Samples\SampleApp\CC2530 #
#                          DB\..\..\..\..\..\COMPONENTS\STACK\SYS\ -I         #
#                          E:\ณฃำรฤฃฟ้สตั้\ZigBeeอจะลสตั้\5.ZigBeeอ๘ย็ดซสไศหฬ #
#                          ๅบ์อโสตั้\Projects\zstack\Samples\SampleApp\CC2530 #
#                          DB\..\..\..\..\..\COMPONENTS\STACK\ZDO\ -I         #
#                          E:\ณฃำรฤฃฟ้สตั้\ZigBeeอจะลสตั้\5.ZigBeeอ๘ย็ดซสไศหฬ #
#                          ๅบ์อโสตั้\Projects\zstack\Samples\SampleApp\CC2530 #
#                          DB\..\..\..\..\..\COMPONENTS\ZMAC\F8W\ -I          #
#                          E:\ณฃำรฤฃฟ้สตั้\ZigBeeอจะลสตั้\5.ZigBeeอ๘ย็ดซสไศหฬ #
#                          ๅบ์อโสตั้\Projects\zstack\Samples\SampleApp\CC2530 #
#                          DB\..\..\..\..\..\COMPONENTS\ZMAC\ -I              #
#                          E:\ณฃำรฤฃฟ้สตั้\ZigBeeอจะลสตั้\5.ZigBeeอ๘ย็ดซสไศหฬ #
#                          ๅบ์อโสตั้\Projects\zstack\Samples\SampleApp\CC2530 #
#                          DB\..\..\..\..\..\COMPONENTS\SERVICES\SADDR\ -I    #
#                          E:\ณฃำรฤฃฟ้สตั้\ZigBeeอจะลสตั้\5.ZigBeeอ๘ย็ดซสไศหฬ #
#                          ๅบ์อโสตั้\Projects\zstack\Samples\SampleApp\CC2530 #
#                          DB\..\..\..\..\..\COMPONENTS\SERVICES\SDATA\ -I    #
#                          E:\ณฃำรฤฃฟ้สตั้\ZigBeeอจะลสตั้\5.ZigBeeอ๘ย็ดซสไศหฬ #
#                          ๅบ์อโสตั้\Projects\zstack\Samples\SampleApp\CC2530 #
#                          DB\..\..\..\..\..\COMPONENTS\MAC\INCLUDE\ -I       #
#                          E:\ณฃำรฤฃฟ้สตั้\ZigBeeอจะลสตั้\5.ZigBeeอ๘ย็ดซสไศหฬ #
#                          ๅบ์อโสตั้\Projects\zstack\Samples\SampleApp\CC2530 #
#                          DB\..\..\..\..\..\COMPONENTS\MAC\HIGH_LEVEL\ -I    #
#                          E:\ณฃำรฤฃฟ้สตั้\ZigBeeอจะลสตั้\5.ZigBeeอ๘ย็ดซสไศหฬ #
#                          ๅบ์อโสตั้\Projects\zstack\Samples\SampleApp\CC2530 #
#                          DB\..\..\..\..\..\COMPONENTS\MAC\LOW_LEVEL\srf04\  #
#                          -I E:\ณฃำรฤฃฟ้สตั้\ZigBeeอจะลสตั้\5.ZigBeeอ๘ย็ดซสไ #
#                          ศหฬๅบ์อโสตั้\Projects\zstack\Samples\SampleApp\CC2 #
#                          530DB\..\..\..\..\..\COMPONENTS\MAC\LOW_LEVEL\srf0 #
#                          4\SINGLE_CHIP\ -I E:\ณฃำรฤฃฟ้สตั้\ZigBeeอจะลสตั้\5 #
#                          .ZigBeeอ๘ย็ดซสไศหฬๅบ์อโสตั้\Projects\zstack\Sample #
#                          s\SampleApp\CC2530DB\..\..\..\..\..\COMPONENTS\HAR #
#                          DWARE\ -Om                                         #
#    List file          =  E:\ณฃำรฤฃฟ้สตั้\ZigBeeอจะลสตั้\5.ZigBeeอ๘ย็ดซสไศหฬ #
#                          ๅบ์อโสตั้\Projects\zstack\Samples\SampleApp\CC2530 #
#                          DB\EndDeviceEB\List\PIR.lst                        #
#    Object file        =  E:\ณฃำรฤฃฟ้สตั้\ZigBeeอจะลสตั้\5.ZigBeeอ๘ย็ดซสไศหฬ #
#                          ๅบ์อโสตั้\Projects\zstack\Samples\SampleApp\CC2530 #
#                          DB\EndDeviceEB\Obj\PIR.r51                         #
#                                                                             #
#                                                                             #
###############################################################################

E:\ณฃำรฤฃฟ้สตั้\ZigBeeอจะลสตั้\5.ZigBeeอ๘ย็ดซสไศหฬๅบ์อโสตั้\Components\HARDWARE\PIR.c
      1          #include "delay.h"
      2          #include "PIR.h"

   \                                 In  segment SFR_AN, at 0xf4
   \   unsigned char volatile __sfr P1SEL
   \                     P1SEL:
   \   000000                DS 1

   \                                 In  segment SFR_AN, at 0xf6
   \   unsigned char volatile __sfr P1INP
   \                     P1INP:
   \   000000                DS 1

   \                                 In  segment SFR_AN, at 0xfd
   \   unsigned char volatile __sfr P0DIR
   \                     P0DIR:
   \   000000                DS 1

   \                                 In  segment SFR_AN, at 0xfe
   \   unsigned char volatile __sfr P1DIR
   \                     P1DIR:
   \   000000                DS 1
      3          
      4          //==========================================================
      5          //	บฏสýร๛ณฦฃบ	PIR_Init()
      6          //
      7          //	บฏสýนฆฤÜฃบ	ณ๕สผปฏศหฬๅบ์อโ
      8          //
      9          //	ศ๋ฟฺฒฮสýฃบ	ฮÞ
     10          //
     11          //	ทตปุฒฮสýฃบ	ฮÞ
     12          //
     13          //	หตร๗ฃบ		
     14          //==========================================================

   \                                 In  segment BANKED_CODE, align 1, keep-with-next
     15          void PIR_Init(void)
   \                     PIR_Init:
     16          {
   \   000000                ; Saved register size: 0
   \   000000                ; Auto size: 0
     17            P0DIR |= 0x08;      //P0.3ถจาๅฮชสไณ๖
   \   000000   43FD08       ORL     0xfd,#0x8
     18            
     19            P1SEL &= ~0x02;     //ษ่ึรP1.1ฮชฦีอจIOฟฺ  
   \   000003   53F4FD       ANL     0xf4,#0xfd
     20            P1DIR &= ~0x02;     //ฐดผüฝำิฺP1.1ฟฺษฯฃฌษ่P1.1ฮชสไศ๋ฤฃสฝ 
   \   000006   53FEFD       ANL     0xfe,#0xfd
     21            P1INP &= ~0x02;     //ด๒ฟชP1.1ษฯภญต็ื่
   \   000009   53F6FD       ANL     0xf6,#0xfd
     22          }
   \   00000C   02....       LJMP    ?BRET
   \   00000F                REQUIRE P0DIR
   \   00000F                REQUIRE P1SEL
   \   00000F                REQUIRE P1DIR
   \   00000F                REQUIRE P1INP

   \                                 In  segment BANK_RELAYS, align 1
   \                     ??PIR_Init?relay:
   \   000000   12....       LCALL   ?BDISPATCH
   \   000003   ......       DC24    PIR_Init

   Maximum stack usage in bytes:

     Function ISTACK PSTACK XSTACK
     -------- ------ ------ ------
     PIR_Init     0      0      0


   Segment part sizes:

     Function/Label   Bytes
     --------------   -----
     P1SEL               1
     P1INP               1
     P0DIR               1
     P1DIR               1
     PIR_Init           15
     ??PIR_Init?relay    6

 
 15 bytes in segment BANKED_CODE
  6 bytes in segment BANK_RELAYS
  4 bytes in segment SFR_AN
 
 21 bytes of CODE memory
  0 bytes of DATA memory (+ 4 bytes shared)

Errors: none
Warnings: none
